CRITICAL - 2026-05-07 15:11:41 --> CodeIgniter\Router\Exceptions\RouterException: The namespace delimiter is a backslash (\), not a slash (/). Route handler: "\App\Controllers\<!DOCTYPE html>
<html lang="en">

<head>
    <meta charset="UTF-8">
    <meta name="viewport" content="width=device-width, initial-scale=1.0">
    <title>Document</title>
    <link rel="stylesheet" href="">
</head>

<body>
    <template id="tpl-profile">
        <div class="page active">
            <div class="page-title">Mon profil</div>
            <div class="page-sub">Vos informations personnelles et de santé.</div>
            <div class="row g-3">
                <div class="col-12 col-lg-6">
                    <div class="card h-100">
                        <div class="card-title">Informations personnelles</div>
                        <div class="field"><label>Nom complet</label><input class="form-control" type="text" value="Jean Dupont" /></div>
                        <div class="field"><label>Adresse email</label><input class="form-control" type="email" value="jean.dupont@email.com" /></div>
                        <div class="field"><label>Genre</label><select class="form-select">
                                <option selected>Homme</option>
                                <option>Femme</option>
                            </select></div>
                        <div class="field"><label>Date de naissance</label><input class="form-control" type="date" value="1995-03-14" /></div>
                        <button class="btn-main btn btn-primary w-100" type="button">Enregistrer les modifications</button>
                    </div>
                </div>
                <div class="col-12 col-lg-6">
                    <div class="card h-100">
                        <div class="card-title">Données de santé</div>
                        <div class="row2 mb-3">
                            <div class="field"><label>Taille (cm)</label><input class="form-control" type="number" value="175" /></div>
                            <div class="field"><label>Poids actuel (kg)</label><input class="form-control" type="number" value="70" /></div>
                        </div>
                        <div class="field"><label>Niveau d'activité</label><select class="form-select">
                                <option>Modérément actif (3–5 jours/sem.)</option>
                            </select></div>
                        <div class="alert alert-success mb-3">
                            <div class="small text-muted mb-1">IMC calculé</div>
                            <div class="fs-4 fw-bold text-success">22.4 <span class="fs-6 fw-normal text-success-emphasis">— Poids normal</span></div>
                        </div>
                        <button class="btn-main btn btn-primary w-100" type="button">Mettre à jour</button>
                    </div>
                </div>
            </div>
        </div>
    </template>
</body>

</html>"
[Method: GET, Route: /]
in SYSTEMPATH/Router/Router.php on line 523.
 1 SYSTEMPATH/Router/Router.php(523): CodeIgniter\Router\Exceptions\RouterException::forInvalidControllerName()
 2 SYSTEMPATH/Router/Router.php(225): CodeIgniter\Router\Router->checkRoutes()
 3 SYSTEMPATH/CodeIgniter.php(829): CodeIgniter\Router\Router->handle()
 4 SYSTEMPATH/CodeIgniter.php(441): CodeIgniter\CodeIgniter->tryToRouteIt()
 5 SYSTEMPATH/CodeIgniter.php(340): CodeIgniter\CodeIgniter->handleRequest()
 6 SYSTEMPATH/Boot.php(417): CodeIgniter\CodeIgniter->run()
 7 SYSTEMPATH/Boot.php(68): CodeIgniter\Boot::runCodeIgniter()
 8 FCPATH/index.php(59): CodeIgniter\Boot::bootWeb()
CRITICAL - 2026-05-07 15:11:43 --> CodeIgniter\Router\Exceptions\RouterException: The namespace delimiter is a backslash (\), not a slash (/). Route handler: "\App\Controllers\<!DOCTYPE html>
<html lang="en">

<head>
    <meta charset="UTF-8">
    <meta name="viewport" content="width=device-width, initial-scale=1.0">
    <title>Document</title>
    <link rel="stylesheet" href="">
</head>

<body>
    <template id="tpl-profile">
        <div class="page active">
            <div class="page-title">Mon profil</div>
            <div class="page-sub">Vos informations personnelles et de santé.</div>
            <div class="row g-3">
                <div class="col-12 col-lg-6">
                    <div class="card h-100">
                        <div class="card-title">Informations personnelles</div>
                        <div class="field"><label>Nom complet</label><input class="form-control" type="text" value="Jean Dupont" /></div>
                        <div class="field"><label>Adresse email</label><input class="form-control" type="email" value="jean.dupont@email.com" /></div>
                        <div class="field"><label>Genre</label><select class="form-select">
                                <option selected>Homme</option>
                                <option>Femme</option>
                            </select></div>
                        <div class="field"><label>Date de naissance</label><input class="form-control" type="date" value="1995-03-14" /></div>
                        <button class="btn-main btn btn-primary w-100" type="button">Enregistrer les modifications</button>
                    </div>
                </div>
                <div class="col-12 col-lg-6">
                    <div class="card h-100">
                        <div class="card-title">Données de santé</div>
                        <div class="row2 mb-3">
                            <div class="field"><label>Taille (cm)</label><input class="form-control" type="number" value="175" /></div>
                            <div class="field"><label>Poids actuel (kg)</label><input class="form-control" type="number" value="70" /></div>
                        </div>
                        <div class="field"><label>Niveau d'activité</label><select class="form-select">
                                <option>Modérément actif (3–5 jours/sem.)</option>
                            </select></div>
                        <div class="alert alert-success mb-3">
                            <div class="small text-muted mb-1">IMC calculé</div>
                            <div class="fs-4 fw-bold text-success">22.4 <span class="fs-6 fw-normal text-success-emphasis">— Poids normal</span></div>
                        </div>
                        <button class="btn-main btn btn-primary w-100" type="button">Mettre à jour</button>
                    </div>
                </div>
            </div>
        </div>
    </template>
</body>

</html>"
[Method: GET, Route: /]
in SYSTEMPATH/Router/Router.php on line 523.
 1 SYSTEMPATH/Router/Router.php(523): CodeIgniter\Router\Exceptions\RouterException::forInvalidControllerName()
 2 SYSTEMPATH/Router/Router.php(225): CodeIgniter\Router\Router->checkRoutes()
 3 SYSTEMPATH/CodeIgniter.php(829): CodeIgniter\Router\Router->handle()
 4 SYSTEMPATH/CodeIgniter.php(441): CodeIgniter\CodeIgniter->tryToRouteIt()
 5 SYSTEMPATH/CodeIgniter.php(340): CodeIgniter\CodeIgniter->handleRequest()
 6 SYSTEMPATH/Boot.php(417): CodeIgniter\CodeIgniter->run()
 7 SYSTEMPATH/Boot.php(68): CodeIgniter\Boot::runCodeIgniter()
 8 FCPATH/index.php(59): CodeIgniter\Boot::bootWeb()
CRITICAL - 2026-05-07 15:11:44 --> CodeIgniter\Router\Exceptions\RouterException: The namespace delimiter is a backslash (\), not a slash (/). Route handler: "\App\Controllers\<!DOCTYPE html>
<html lang="en">

<head>
    <meta charset="UTF-8">
    <meta name="viewport" content="width=device-width, initial-scale=1.0">
    <title>Document</title>
    <link rel="stylesheet" href="">
</head>

<body>
    <template id="tpl-profile">
        <div class="page active">
            <div class="page-title">Mon profil</div>
            <div class="page-sub">Vos informations personnelles et de santé.</div>
            <div class="row g-3">
                <div class="col-12 col-lg-6">
                    <div class="card h-100">
                        <div class="card-title">Informations personnelles</div>
                        <div class="field"><label>Nom complet</label><input class="form-control" type="text" value="Jean Dupont" /></div>
                        <div class="field"><label>Adresse email</label><input class="form-control" type="email" value="jean.dupont@email.com" /></div>
                        <div class="field"><label>Genre</label><select class="form-select">
                                <option selected>Homme</option>
                                <option>Femme</option>
                            </select></div>
                        <div class="field"><label>Date de naissance</label><input class="form-control" type="date" value="1995-03-14" /></div>
                        <button class="btn-main btn btn-primary w-100" type="button">Enregistrer les modifications</button>
                    </div>
                </div>
                <div class="col-12 col-lg-6">
                    <div class="card h-100">
                        <div class="card-title">Données de santé</div>
                        <div class="row2 mb-3">
                            <div class="field"><label>Taille (cm)</label><input class="form-control" type="number" value="175" /></div>
                            <div class="field"><label>Poids actuel (kg)</label><input class="form-control" type="number" value="70" /></div>
                        </div>
                        <div class="field"><label>Niveau d'activité</label><select class="form-select">
                                <option>Modérément actif (3–5 jours/sem.)</option>
                            </select></div>
                        <div class="alert alert-success mb-3">
                            <div class="small text-muted mb-1">IMC calculé</div>
                            <div class="fs-4 fw-bold text-success">22.4 <span class="fs-6 fw-normal text-success-emphasis">— Poids normal</span></div>
                        </div>
                        <button class="btn-main btn btn-primary w-100" type="button">Mettre à jour</button>
                    </div>
                </div>
            </div>
        </div>
    </template>
</body>

</html>"
[Method: GET, Route: /]
in SYSTEMPATH/Router/Router.php on line 523.
 1 SYSTEMPATH/Router/Router.php(523): CodeIgniter\Router\Exceptions\RouterException::forInvalidControllerName()
 2 SYSTEMPATH/Router/Router.php(225): CodeIgniter\Router\Router->checkRoutes()
 3 SYSTEMPATH/CodeIgniter.php(829): CodeIgniter\Router\Router->handle()
 4 SYSTEMPATH/CodeIgniter.php(441): CodeIgniter\CodeIgniter->tryToRouteIt()
 5 SYSTEMPATH/CodeIgniter.php(340): CodeIgniter\CodeIgniter->handleRequest()
 6 SYSTEMPATH/Boot.php(417): CodeIgniter\CodeIgniter->run()
 7 SYSTEMPATH/Boot.php(68): CodeIgniter\Boot::runCodeIgniter()
 8 FCPATH/index.php(59): CodeIgniter\Boot::bootWeb()
CRITICAL - 2026-05-07 15:11:44 --> CodeIgniter\Router\Exceptions\RouterException: The namespace delimiter is a backslash (\), not a slash (/). Route handler: "\App\Controllers\<!DOCTYPE html>
<html lang="en">

<head>
    <meta charset="UTF-8">
    <meta name="viewport" content="width=device-width, initial-scale=1.0">
    <title>Document</title>
    <link rel="stylesheet" href="">
</head>

<body>
    <template id="tpl-profile">
        <div class="page active">
            <div class="page-title">Mon profil</div>
            <div class="page-sub">Vos informations personnelles et de santé.</div>
            <div class="row g-3">
                <div class="col-12 col-lg-6">
                    <div class="card h-100">
                        <div class="card-title">Informations personnelles</div>
                        <div class="field"><label>Nom complet</label><input class="form-control" type="text" value="Jean Dupont" /></div>
                        <div class="field"><label>Adresse email</label><input class="form-control" type="email" value="jean.dupont@email.com" /></div>
                        <div class="field"><label>Genre</label><select class="form-select">
                                <option selected>Homme</option>
                                <option>Femme</option>
                            </select></div>
                        <div class="field"><label>Date de naissance</label><input class="form-control" type="date" value="1995-03-14" /></div>
                        <button class="btn-main btn btn-primary w-100" type="button">Enregistrer les modifications</button>
                    </div>
                </div>
                <div class="col-12 col-lg-6">
                    <div class="card h-100">
                        <div class="card-title">Données de santé</div>
                        <div class="row2 mb-3">
                            <div class="field"><label>Taille (cm)</label><input class="form-control" type="number" value="175" /></div>
                            <div class="field"><label>Poids actuel (kg)</label><input class="form-control" type="number" value="70" /></div>
                        </div>
                        <div class="field"><label>Niveau d'activité</label><select class="form-select">
                                <option>Modérément actif (3–5 jours/sem.)</option>
                            </select></div>
                        <div class="alert alert-success mb-3">
                            <div class="small text-muted mb-1">IMC calculé</div>
                            <div class="fs-4 fw-bold text-success">22.4 <span class="fs-6 fw-normal text-success-emphasis">— Poids normal</span></div>
                        </div>
                        <button class="btn-main btn btn-primary w-100" type="button">Mettre à jour</button>
                    </div>
                </div>
            </div>
        </div>
    </template>
</body>

</html>"
[Method: GET, Route: /]
in SYSTEMPATH/Router/Router.php on line 523.
 1 SYSTEMPATH/Router/Router.php(523): CodeIgniter\Router\Exceptions\RouterException::forInvalidControllerName()
 2 SYSTEMPATH/Router/Router.php(225): CodeIgniter\Router\Router->checkRoutes()
 3 SYSTEMPATH/CodeIgniter.php(829): CodeIgniter\Router\Router->handle()
 4 SYSTEMPATH/CodeIgniter.php(441): CodeIgniter\CodeIgniter->tryToRouteIt()
 5 SYSTEMPATH/CodeIgniter.php(340): CodeIgniter\CodeIgniter->handleRequest()
 6 SYSTEMPATH/Boot.php(417): CodeIgniter\CodeIgniter->run()
 7 SYSTEMPATH/Boot.php(68): CodeIgniter\Boot::runCodeIgniter()
 8 FCPATH/index.php(59): CodeIgniter\Boot::bootWeb()
CRITICAL - 2026-05-07 15:11:44 --> CodeIgniter\Router\Exceptions\RouterException: The namespace delimiter is a backslash (\), not a slash (/). Route handler: "\App\Controllers\<!DOCTYPE html>
<html lang="en">

<head>
    <meta charset="UTF-8">
    <meta name="viewport" content="width=device-width, initial-scale=1.0">
    <title>Document</title>
    <link rel="stylesheet" href="">
</head>

<body>
    <template id="tpl-profile">
        <div class="page active">
            <div class="page-title">Mon profil</div>
            <div class="page-sub">Vos informations personnelles et de santé.</div>
            <div class="row g-3">
                <div class="col-12 col-lg-6">
                    <div class="card h-100">
                        <div class="card-title">Informations personnelles</div>
                        <div class="field"><label>Nom complet</label><input class="form-control" type="text" value="Jean Dupont" /></div>
                        <div class="field"><label>Adresse email</label><input class="form-control" type="email" value="jean.dupont@email.com" /></div>
                        <div class="field"><label>Genre</label><select class="form-select">
                                <option selected>Homme</option>
                                <option>Femme</option>
                            </select></div>
                        <div class="field"><label>Date de naissance</label><input class="form-control" type="date" value="1995-03-14" /></div>
                        <button class="btn-main btn btn-primary w-100" type="button">Enregistrer les modifications</button>
                    </div>
                </div>
                <div class="col-12 col-lg-6">
                    <div class="card h-100">
                        <div class="card-title">Données de santé</div>
                        <div class="row2 mb-3">
                            <div class="field"><label>Taille (cm)</label><input class="form-control" type="number" value="175" /></div>
                            <div class="field"><label>Poids actuel (kg)</label><input class="form-control" type="number" value="70" /></div>
                        </div>
                        <div class="field"><label>Niveau d'activité</label><select class="form-select">
                                <option>Modérément actif (3–5 jours/sem.)</option>
                            </select></div>
                        <div class="alert alert-success mb-3">
                            <div class="small text-muted mb-1">IMC calculé</div>
                            <div class="fs-4 fw-bold text-success">22.4 <span class="fs-6 fw-normal text-success-emphasis">— Poids normal</span></div>
                        </div>
                        <button class="btn-main btn btn-primary w-100" type="button">Mettre à jour</button>
                    </div>
                </div>
            </div>
        </div>
    </template>
</body>

</html>"
[Method: GET, Route: /]
in SYSTEMPATH/Router/Router.php on line 523.
 1 SYSTEMPATH/Router/Router.php(523): CodeIgniter\Router\Exceptions\RouterException::forInvalidControllerName()
 2 SYSTEMPATH/Router/Router.php(225): CodeIgniter\Router\Router->checkRoutes()
 3 SYSTEMPATH/CodeIgniter.php(829): CodeIgniter\Router\Router->handle()
 4 SYSTEMPATH/CodeIgniter.php(441): CodeIgniter\CodeIgniter->tryToRouteIt()
 5 SYSTEMPATH/CodeIgniter.php(340): CodeIgniter\CodeIgniter->handleRequest()
 6 SYSTEMPATH/Boot.php(417): CodeIgniter\CodeIgniter->run()
 7 SYSTEMPATH/Boot.php(68): CodeIgniter\Boot::runCodeIgniter()
 8 FCPATH/index.php(59): CodeIgniter\Boot::bootWeb()
CRITICAL - 2026-05-07 15:11:44 --> CodeIgniter\Router\Exceptions\RouterException: The namespace delimiter is a backslash (\), not a slash (/). Route handler: "\App\Controllers\<!DOCTYPE html>
<html lang="en">

<head>
    <meta charset="UTF-8">
    <meta name="viewport" content="width=device-width, initial-scale=1.0">
    <title>Document</title>
    <link rel="stylesheet" href="">
</head>

<body>
    <template id="tpl-profile">
        <div class="page active">
            <div class="page-title">Mon profil</div>
            <div class="page-sub">Vos informations personnelles et de santé.</div>
            <div class="row g-3">
                <div class="col-12 col-lg-6">
                    <div class="card h-100">
                        <div class="card-title">Informations personnelles</div>
                        <div class="field"><label>Nom complet</label><input class="form-control" type="text" value="Jean Dupont" /></div>
                        <div class="field"><label>Adresse email</label><input class="form-control" type="email" value="jean.dupont@email.com" /></div>
                        <div class="field"><label>Genre</label><select class="form-select">
                                <option selected>Homme</option>
                                <option>Femme</option>
                            </select></div>
                        <div class="field"><label>Date de naissance</label><input class="form-control" type="date" value="1995-03-14" /></div>
                        <button class="btn-main btn btn-primary w-100" type="button">Enregistrer les modifications</button>
                    </div>
                </div>
                <div class="col-12 col-lg-6">
                    <div class="card h-100">
                        <div class="card-title">Données de santé</div>
                        <div class="row2 mb-3">
                            <div class="field"><label>Taille (cm)</label><input class="form-control" type="number" value="175" /></div>
                            <div class="field"><label>Poids actuel (kg)</label><input class="form-control" type="number" value="70" /></div>
                        </div>
                        <div class="field"><label>Niveau d'activité</label><select class="form-select">
                                <option>Modérément actif (3–5 jours/sem.)</option>
                            </select></div>
                        <div class="alert alert-success mb-3">
                            <div class="small text-muted mb-1">IMC calculé</div>
                            <div class="fs-4 fw-bold text-success">22.4 <span class="fs-6 fw-normal text-success-emphasis">— Poids normal</span></div>
                        </div>
                        <button class="btn-main btn btn-primary w-100" type="button">Mettre à jour</button>
                    </div>
                </div>
            </div>
        </div>
    </template>
</body>

</html>"
[Method: GET, Route: /]
in SYSTEMPATH/Router/Router.php on line 523.
 1 SYSTEMPATH/Router/Router.php(523): CodeIgniter\Router\Exceptions\RouterException::forInvalidControllerName()
 2 SYSTEMPATH/Router/Router.php(225): CodeIgniter\Router\Router->checkRoutes()
 3 SYSTEMPATH/CodeIgniter.php(829): CodeIgniter\Router\Router->handle()
 4 SYSTEMPATH/CodeIgniter.php(441): CodeIgniter\CodeIgniter->tryToRouteIt()
 5 SYSTEMPATH/CodeIgniter.php(340): CodeIgniter\CodeIgniter->handleRequest()
 6 SYSTEMPATH/Boot.php(417): CodeIgniter\CodeIgniter->run()
 7 SYSTEMPATH/Boot.php(68): CodeIgniter\Boot::runCodeIgniter()
 8 FCPATH/index.php(59): CodeIgniter\Boot::bootWeb()
CRITICAL - 2026-05-07 15:11:45 --> CodeIgniter\Router\Exceptions\RouterException: The namespace delimiter is a backslash (\), not a slash (/). Route handler: "\App\Controllers\<!DOCTYPE html>
<html lang="en">

<head>
    <meta charset="UTF-8">
    <meta name="viewport" content="width=device-width, initial-scale=1.0">
    <title>Document</title>
    <link rel="stylesheet" href="">
</head>

<body>
    <template id="tpl-profile">
        <div class="page active">
            <div class="page-title">Mon profil</div>
            <div class="page-sub">Vos informations personnelles et de santé.</div>
            <div class="row g-3">
                <div class="col-12 col-lg-6">
                    <div class="card h-100">
                        <div class="card-title">Informations personnelles</div>
                        <div class="field"><label>Nom complet</label><input class="form-control" type="text" value="Jean Dupont" /></div>
                        <div class="field"><label>Adresse email</label><input class="form-control" type="email" value="jean.dupont@email.com" /></div>
                        <div class="field"><label>Genre</label><select class="form-select">
                                <option selected>Homme</option>
                                <option>Femme</option>
                            </select></div>
                        <div class="field"><label>Date de naissance</label><input class="form-control" type="date" value="1995-03-14" /></div>
                        <button class="btn-main btn btn-primary w-100" type="button">Enregistrer les modifications</button>
                    </div>
                </div>
                <div class="col-12 col-lg-6">
                    <div class="card h-100">
                        <div class="card-title">Données de santé</div>
                        <div class="row2 mb-3">
                            <div class="field"><label>Taille (cm)</label><input class="form-control" type="number" value="175" /></div>
                            <div class="field"><label>Poids actuel (kg)</label><input class="form-control" type="number" value="70" /></div>
                        </div>
                        <div class="field"><label>Niveau d'activité</label><select class="form-select">
                                <option>Modérément actif (3–5 jours/sem.)</option>
                            </select></div>
                        <div class="alert alert-success mb-3">
                            <div class="small text-muted mb-1">IMC calculé</div>
                            <div class="fs-4 fw-bold text-success">22.4 <span class="fs-6 fw-normal text-success-emphasis">— Poids normal</span></div>
                        </div>
                        <button class="btn-main btn btn-primary w-100" type="button">Mettre à jour</button>
                    </div>
                </div>
            </div>
        </div>
    </template>
</body>

</html>"
[Method: GET, Route: /]
in SYSTEMPATH/Router/Router.php on line 523.
 1 SYSTEMPATH/Router/Router.php(523): CodeIgniter\Router\Exceptions\RouterException::forInvalidControllerName()
 2 SYSTEMPATH/Router/Router.php(225): CodeIgniter\Router\Router->checkRoutes()
 3 SYSTEMPATH/CodeIgniter.php(829): CodeIgniter\Router\Router->handle()
 4 SYSTEMPATH/CodeIgniter.php(441): CodeIgniter\CodeIgniter->tryToRouteIt()
 5 SYSTEMPATH/CodeIgniter.php(340): CodeIgniter\CodeIgniter->handleRequest()
 6 SYSTEMPATH/Boot.php(417): CodeIgniter\CodeIgniter->run()
 7 SYSTEMPATH/Boot.php(68): CodeIgniter\Boot::runCodeIgniter()
 8 FCPATH/index.php(59): CodeIgniter\Boot::bootWeb()
CRITICAL - 2026-05-07 15:11:45 --> CodeIgniter\Router\Exceptions\RouterException: The namespace delimiter is a backslash (\), not a slash (/). Route handler: "\App\Controllers\<!DOCTYPE html>
<html lang="en">

<head>
    <meta charset="UTF-8">
    <meta name="viewport" content="width=device-width, initial-scale=1.0">
    <title>Document</title>
    <link rel="stylesheet" href="">
</head>

<body>
    <template id="tpl-profile">
        <div class="page active">
            <div class="page-title">Mon profil</div>
            <div class="page-sub">Vos informations personnelles et de santé.</div>
            <div class="row g-3">
                <div class="col-12 col-lg-6">
                    <div class="card h-100">
                        <div class="card-title">Informations personnelles</div>
                        <div class="field"><label>Nom complet</label><input class="form-control" type="text" value="Jean Dupont" /></div>
                        <div class="field"><label>Adresse email</label><input class="form-control" type="email" value="jean.dupont@email.com" /></div>
                        <div class="field"><label>Genre</label><select class="form-select">
                                <option selected>Homme</option>
                                <option>Femme</option>
                            </select></div>
                        <div class="field"><label>Date de naissance</label><input class="form-control" type="date" value="1995-03-14" /></div>
                        <button class="btn-main btn btn-primary w-100" type="button">Enregistrer les modifications</button>
                    </div>
                </div>
                <div class="col-12 col-lg-6">
                    <div class="card h-100">
                        <div class="card-title">Données de santé</div>
                        <div class="row2 mb-3">
                            <div class="field"><label>Taille (cm)</label><input class="form-control" type="number" value="175" /></div>
                            <div class="field"><label>Poids actuel (kg)</label><input class="form-control" type="number" value="70" /></div>
                        </div>
                        <div class="field"><label>Niveau d'activité</label><select class="form-select">
                                <option>Modérément actif (3–5 jours/sem.)</option>
                            </select></div>
                        <div class="alert alert-success mb-3">
                            <div class="small text-muted mb-1">IMC calculé</div>
                            <div class="fs-4 fw-bold text-success">22.4 <span class="fs-6 fw-normal text-success-emphasis">— Poids normal</span></div>
                        </div>
                        <button class="btn-main btn btn-primary w-100" type="button">Mettre à jour</button>
                    </div>
                </div>
            </div>
        </div>
    </template>
</body>

</html>"
[Method: GET, Route: /]
in SYSTEMPATH/Router/Router.php on line 523.
 1 SYSTEMPATH/Router/Router.php(523): CodeIgniter\Router\Exceptions\RouterException::forInvalidControllerName()
 2 SYSTEMPATH/Router/Router.php(225): CodeIgniter\Router\Router->checkRoutes()
 3 SYSTEMPATH/CodeIgniter.php(829): CodeIgniter\Router\Router->handle()
 4 SYSTEMPATH/CodeIgniter.php(441): CodeIgniter\CodeIgniter->tryToRouteIt()
 5 SYSTEMPATH/CodeIgniter.php(340): CodeIgniter\CodeIgniter->handleRequest()
 6 SYSTEMPATH/Boot.php(417): CodeIgniter\CodeIgniter->run()
 7 SYSTEMPATH/Boot.php(68): CodeIgniter\Boot::runCodeIgniter()
 8 FCPATH/index.php(59): CodeIgniter\Boot::bootWeb()
